node_modules/sonner/dist/index.d.ts(1,8): error TS1259: Module '"C:/Users/mahes/Downloads/PROJECTS/COSPIRA_PROJECT/COSPIRA_MAIN/node_modules/@types/react/index"' can only be default-imported using the 'esModuleInterop' flag
src/components/VirtualBrowser.tsx(1,8): error TS1259: Module '"C:/Users/mahes/Downloads/PROJECTS/COSPIRA_PROJECT/COSPIRA_MAIN/node_modules/@types/react/index"' can only be default-imported using the 'esModuleInterop' flag
src/components/VirtualBrowser.tsx(2,30): error TS2307: Cannot find module '@/hooks/useWebSocket' or its corresponding type declarations.
src/components/VirtualBrowser.tsx(3,24): error TS2307: Cannot find module '@/components/ui/button' or its corresponding type declarations.
src/components/VirtualBrowser.tsx(4,23): error TS2307: Cannot find module '@/components/ui/input' or its corresponding type declarations.
src/components/VirtualBrowser.tsx(449,9): error TS17004: Cannot use JSX unless the '--jsx' flag is provided.
src/components/VirtualBrowser.tsx(452,18): error TS17004: Cannot use JSX unless the '--jsx' flag is provided.
src/components/VirtualBrowser.tsx(454,26): error TS17004: Cannot use JSX unless the '--jsx' flag is provided.
src/components/VirtualBrowser.tsx(464,30): error TS17004: Cannot use JSX unless the '--jsx' flag is provided.
src/components/VirtualBrowser.tsx(465,30): error TS17004: Cannot use JSX unless the '--jsx' flag is provided.
src/components/VirtualBrowser.tsx(467,34): error TS17004: Cannot use JSX unless the '--jsx' flag is provided.
src/components/VirtualBrowser.tsx(471,38): error TS17004: Cannot use JSX unless the '--jsx' flag is provided.
src/components/VirtualBrowser.tsx(474,57): error TS17004: Cannot use JSX unless the '--jsx' flag is provided.
src/components/VirtualBrowser.tsx(477,22): error TS17004: Cannot use JSX unless the '--jsx' flag is provided.
src/components/VirtualBrowser.tsx(483,26): error TS17004: Cannot use JSX unless the '--jsx' flag is provided.
src/components/VirtualBrowser.tsx(489,14): error TS17004: Cannot use JSX unless the '--jsx' flag is provided.
src/components/VirtualBrowser.tsx(490,17): error TS17004: Cannot use JSX unless the '--jsx' flag is provided.
src/components/VirtualBrowser.tsx(491,21): error TS17004: Cannot use JSX unless the '--jsx' flag is provided.
src/components/VirtualBrowser.tsx(496,21): error TS17004: Cannot use JSX unless the '--jsx' flag is provided.
src/components/VirtualBrowser.tsx(500,21): error TS17004: Cannot use JSX unless the '--jsx' flag is provided.
src/components/VirtualBrowser.tsx(506,17): error TS17004: Cannot use JSX unless the '--jsx' flag is provided.
src/components/VirtualBrowser.tsx(507,22): error TS17004: Cannot use JSX unless the '--jsx' flag is provided.
src/components/VirtualBrowser.tsx(508,26): error TS17004: Cannot use JSX unless the '--jsx' flag is provided.
src/components/VirtualBrowser.tsx(510,22): error TS17004: Cannot use JSX unless the '--jsx' flag is provided.
src/components/VirtualBrowser.tsx(511,26): error TS17004: Cannot use JSX unless the '--jsx' flag is provided.
src/components/VirtualBrowser.tsx(513,22): error TS17004: Cannot use JSX unless the '--jsx' flag is provided.
src/components/VirtualBrowser.tsx(514,39): error TS17004: Cannot use JSX unless the '--jsx' flag is provided.
src/components/VirtualBrowser.tsx(514,102): error TS17004: Cannot use JSX unless the '--jsx' flag is provided.
src/components/VirtualBrowser.tsx(518,17): error TS17004: Cannot use JSX unless the '--jsx' flag is provided.
src/components/VirtualBrowser.tsx(519,21): error TS17004: Cannot use JSX unless the '--jsx' flag is provided.
src/components/VirtualBrowser.tsx(520,57): error TS17004: Cannot use JSX unless the '--jsx' flag is provided.
src/components/VirtualBrowser.tsx(520,107): error TS17004: Cannot use JSX unless the '--jsx' flag is provided.
src/components/VirtualBrowser.tsx(522,21): error TS17004: Cannot use JSX unless the '--jsx' flag is provided.
src/components/VirtualBrowser.tsx(531,17): error TS17004: Cannot use JSX unless the '--jsx' flag is provided.
src/components/VirtualBrowser.tsx(532,21): error TS17004: Cannot use JSX unless the '--jsx' flag is provided.
src/components/VirtualBrowser.tsx(538,25): error TS17004: Cannot use JSX unless the '--jsx' flag is provided.
src/components/VirtualBrowser.tsx(542,21): error TS17004: Cannot use JSX unless the '--jsx' flag is provided.
src/components/VirtualBrowser.tsx(549,36): error TS17004: Cannot use JSX unless the '--jsx' flag is provided.
src/components/VirtualBrowser.tsx(549,60): error TS17004: Cannot use JSX unless the '--jsx' flag is provided.
src/components/VirtualBrowser.tsx(552,21): error TS17004: Cannot use JSX unless the '--jsx' flag is provided.
src/components/VirtualBrowser.tsx(553,26): error TS17004: Cannot use JSX unless the '--jsx' flag is provided.
src/components/VirtualBrowser.tsx(567,30): error TS17004: Cannot use JSX unless the '--jsx' flag is provided.
src/components/VirtualBrowser.tsx(571,25): error TS17004: Cannot use JSX unless the '--jsx' flag is provided.
src/components/VirtualBrowser.tsx(572,29): error TS17004: Cannot use JSX unless the '--jsx' flag is provided.
src/components/VirtualBrowser.tsx(573,29): error TS17004: Cannot use JSX unless the '--jsx' flag is provided.
src/components/VirtualBrowser.tsx(580,18): error TS17004: Cannot use JSX unless the '--jsx' flag is provided.
src/components/VirtualBrowser.tsx(594,25): error TS17004: Cannot use JSX unless the '--jsx' flag is provided.
src/components/VirtualBrowser.tsx(596,29): error TS17004: Cannot use JSX unless the '--jsx' flag is provided.
src/components/VirtualBrowser.tsx(597,33): error TS17004: Cannot use JSX unless the '--jsx' flag is provided.
src/components/VirtualBrowser.tsx(598,33): error TS17004: Cannot use JSX unless the '--jsx' flag is provided.
src/components/VirtualBrowser.tsx(599,33): error TS17004: Cannot use JSX unless the '--jsx' flag is provided.
src/components/VirtualBrowser.tsx(603,29): error TS17004: Cannot use JSX unless the '--jsx' flag is provided.
src/components/VirtualBrowser.tsx(609,37): error TS17004: Cannot use JSX unless the '--jsx' flag is provided.
src/components/VirtualBrowser.tsx(612,41): error TS17004: Cannot use JSX unless the '--jsx' flag is provided.
src/components/VirtualBrowser.tsx(614,49): error TS17004: Cannot use JSX unless the '--jsx' flag is provided.
src/components/VirtualBrowser.tsx(616,49): error TS17004: Cannot use JSX unless the '--jsx' flag is provided.
src/components/VirtualBrowser.tsx(618,49): error TS17004: Cannot use JSX unless the '--jsx' flag is provided.
src/components/VirtualBrowser.tsx(621,41): error TS17004: Cannot use JSX unless the '--jsx' flag is provided.
src/components/VirtualBrowser.tsx(630,33): error TS17004: Cannot use JSX unless the '--jsx' flag is provided.
src/components/VirtualBrowser.tsx(631,37): error TS17004: Cannot use JSX unless the '--jsx' flag is provided.
src/components/VirtualBrowser.tsx(632,37): error TS17004: Cannot use JSX unless the '--jsx' flag is provided.
src/components/VirtualBrowser.tsx(639,21): error TS17004: Cannot use JSX unless the '--jsx' flag is provided.
src/components/VirtualBrowser.tsx(640,25): error TS17004: Cannot use JSX unless the '--jsx' flag is provided.
src/components/VirtualBrowser.tsx(641,29): error TS17004: Cannot use JSX unless the '--jsx' flag is provided.
src/components/VirtualBrowser.tsx(655,33): error TS17004: Cannot use JSX unless the '--jsx' flag is provided.
src/components/VirtualBrowser.tsx(656,37): error TS17004: Cannot use JSX unless the '--jsx' flag is provided.
src/components/VirtualBrowser.tsx(657,41): error TS17004: Cannot use JSX unless the '--jsx' flag is provided.
src/components/VirtualBrowser.tsx(658,45): error TS17004: Cannot use JSX unless the '--jsx' flag is provided.
src/components/VirtualBrowser.tsx(659,45): error TS17004: Cannot use JSX unless the '--jsx' flag is provided.
src/components/VirtualBrowser.tsx(661,41): error TS17004: Cannot use JSX unless the '--jsx' flag is provided.
src/components/VirtualBrowser.tsx(662,45): error TS17004: Cannot use JSX unless the '--jsx' flag is provided.
src/components/VirtualBrowser.tsx(666,37): error TS17004: Cannot use JSX unless the '--jsx' flag is provided.
src/components/VirtualBrowser.tsx(667,41): error TS17004: Cannot use JSX unless the '--jsx' flag is provided.
src/components/VirtualBrowser.tsx(668,45): error TS17004: Cannot use JSX unless the '--jsx' flag is provided.
src/components/VirtualBrowser.tsx(669,49): error TS17004: Cannot use JSX unless the '--jsx' flag is provided.
src/components/VirtualBrowser.tsx(672,45): error TS17004: Cannot use JSX unless the '--jsx' flag is provided.
src/components/VirtualBrowser.tsx(674,53): error TS17004: Cannot use JSX unless the '--jsx' flag is provided.
src/components/VirtualBrowser.tsx(681,41): error TS17004: Cannot use JSX unless the '--jsx' flag is provided.
src/components/VirtualBrowser.tsx(682,45): error TS17004: Cannot use JSX unless the '--jsx' flag is provided.
src/components/VirtualBrowser.tsx(683,49): error TS17004: Cannot use JSX unless the '--jsx' flag is provided.
src/components/VirtualBrowser.tsx(684,49): error TS17004: Cannot use JSX unless the '--jsx' flag is provided.
src/components/VirtualBrowser.tsx(686,45): error TS17004: Cannot use JSX unless the '--jsx' flag is provided.
src/components/VirtualBrowser.tsx(691,41): error TS17004: Cannot use JSX unless the '--jsx' flag is provided.
src/components/VirtualBrowser.tsx(692,45): error TS17004: Cannot use JSX unless the '--jsx' flag is provided.
src/components/VirtualBrowser.tsx(693,45): error TS17004: Cannot use JSX unless the '--jsx' flag is provided.
src/components/VirtualBrowser.tsx(697,37): error TS17004: Cannot use JSX unless the '--jsx' flag is provided.
src/components/VirtualBrowser.tsx(698,41): error TS17004: Cannot use JSX unless the '--jsx' flag is provided.
src/components/VirtualBrowser.tsx(699,45): error TS17004: Cannot use JSX unless the '--jsx' flag is provided.
src/components/VirtualBrowser.tsx(705,45): error TS17004: Cannot use JSX unless the '--jsx' flag is provided.
src/components/VirtualBrowser.tsx(706,49): error TS17004: Cannot use JSX unless the '--jsx' flag is provided.
src/components/VirtualBrowser.tsx(709,41): error TS17004: Cannot use JSX unless the '--jsx' flag is provided.
src/components/VirtualBrowser.tsx(717,45): error TS17004: Cannot use JSX unless the '--jsx' flag is provided.
