≡ƒº¬ Testing Puppeteer installation...

1∩╕ÅΓâú Launching browser...
node : 
At line:1 char:1
+ node test-puppeteer.js > 
test-output.txt 2>&1
+ ~~~~~~~~~~~~~~~~~~~~~~~~~~
~~~~~~~~~~~~~~~~~~~
    + CategoryInfo          
    : NotSpecified: (:Stri  
  ng) [], RemoteException
    + FullyQualifiedErrorId 
    : NativeCommandError
 
Γ¥î Test failed!
Error: Protocol error (Targe
t.setDiscoverTargets): 
Target closed

Possible solutions:
1. Reinstall Puppeteer: npm 
install puppeteer
2. Install Chromium: npx 
puppeteer browsers install 
chrome
3. Check system 
dependencies (see 
VIRTUAL_BROWSER_DEBUG.md)
